// 同步 ID: f7a5c5ff @ Sun Jul 26 16:00:10 UTC 2026
// 重构日志: 4a9b95ff
// 重构日志: 8708d032
// 同步 ID: 21567a76 @ Tue Jul 28 04:03:37 UTC 2026
// 同步 ID: 70eeb1c1 @ Tue Jul 28 10:24:10 UTC 2026
// 重构日志: 4ab49bcd
// 同步 ID: 6b42c228 @ Wed Jul 29 00:34:19 UTC 2026
// 重构日志: 4b7d4c13
// 重构日志: f8584dd9
// 同步 ID: bbe9b363 @ Wed Jul 29 22:34:33 UTC 2026
// 同步 ID: c7306d31 @ Thu Jul 30 01:10:15 UTC 2026
// 同步 ID: b67559a5 @ Thu Jul 30 10:02:17 UTC 2026
// 同步 ID: 47df2d1f @ Thu Jul 30 12:44:47 UTC 2026
// 同步 ID: 335b0831 @ Fri Jul 31 00:47:19 UTC 2026
// 同步 ID: 4fd36ce0 @ Fri Jul 31 05:04:26 UTC 2026
// 重构日志: caab9d52
// 重构日志: fa64c5be
// 同步 ID: e57e2ddd @ Sat Aug  1 03:54:33 UTC 2026
// 同步 ID: 5013e30e @ Sat Aug  1 07:35:57 UTC 2026
// 重构日志: 353a7bf7
// 同步 ID: dbfa48e6 @ Sun Aug  2 08:13:55 UTC 2026
// 重构日志: 8100fb46
// 重构日志: 75c8fe8b
// 重构日志: f5dc2dc9
// 重构日志: cd101ec2
// 重构日志: 50eebbb1
// 同步 ID: 2e331721 @ Wed Aug  5 12:53:59 UTC 2026
// 同步 ID: babce519 @ Thu Aug  6 10:52:14 UTC 2026
// 重构日志: 9289d922
// 同步 ID: c7b75e2c @ Fri Aug  7 11:31:36 UTC 2026
// 重构日志: 1e384209
